// Jest Snapshot v1, https://goo.gl/fbAQLP

exports[`Home page renders correctly 1`] = `
<div
  className="app_container"
>
  <div
    className="app_container"
  >
    <header
      className="home_header_box header_line"
    >
      <div
        className="home_header "
      >
        <div
          className="logo_box"
        >
          <figure>
            <img
              alt=""
              className="logo_img"
              src="crypto_image.png"
            />
          </figure>
          <h2
            className="nav_font1"
          >
            monie track
          </h2>
        </div>
        <nav
          className="nav_tag"
        >
          <li
            className="active nav_item"
          >
            <a
              activeClassName="active"
              aria-current="page"
              className="nav_font2 td_none active"
              href="/"
              onClick={[Function]}
            >
              Track 
            </a>
          </li>
          <li
            className="active nav_item"
          >
            <a
              activeClassName="active"
              aria-current="page"
              className="nav_font2 td_none active"
              href="/"
              onClick={[Function]}
            >
              Happenings 
            </a>
          </li>
          <li
            className="active nav_item"
          >
            <a
              activeClassName="active"
              className="nav_font2 td_none"
              href="/ChartPage"
              onClick={[Function]}
            >
              Chart 
            </a>
          </li>
        </nav>
        <div
          className="notify_box"
        >
          <button
            type="button"
          >
             
            <img
              alt=""
              src="closepopup.png"
            />
          </button>
          <button
            type="button"
          >
             
            <img
              alt=""
              src="closepopup.png"
            />
          </button>
        </div>
        <div
          className="hamburger_container"
        >
          <figure>
            <img
              alt="Hamburger_menu"
              src="hamburger.png"
            />
          </figure>
        </div>
      </div>
    </header>
  </div>
  <div
    className="app_container"
  >
    <main
      className="main_tag"
    >
      <section
        className="home_section1"
      >
        <p
          className="home_font1"
        >
          THE NEW STANDARD DECENTRALIZED TRACKING PLATFORM
        </p>
        <h1
          className="home_font2"
        >
          Track decentralized between blockchains
        </h1>
        <p
          className="home_font3"
        >
          Swap all assets frictionless in a decentralized manner, earn yield on your native coins and manage your portfolio while you have full control of your keys.
        </p>
      </section>
      <section
        className="home_section2"
      >
        <input
          onChange={[Function]}
          placeholder="Enter Coin name or symbol"
          type="text"
        />
      </section>
      <section
        className="home_section3"
      />
    </main>
  </div>
  <div
    className="app_container"
  >
    <footer
      className="home_footer"
    >
      <article
        className="home_footer_article"
      >
        <ul>
          <p
            className="home_footer_paragraph"
          >
            Company
          </p>
          <li
            className="home_footer_list"
          >
            About
          </li>
          <li
            className="home_footer_list"
          >
            Terms of Use
          </li>
          <li
            className="home_footer_list"
          >
            Careers
          </li>
          <li
            className="home_footer_list"
          >
            Privacy Policy
          </li>
        </ul>
        <ul>
          <p
            className="home_footer_paragraph"
          >
            Trade
          </p>
          <li
            className="home_footer_list"
          >
            About
          </li>
          <li
            className="home_footer_list"
          >
            Terms of Use
          </li>
          <li
            className="home_footer_list"
          >
            Careers
          </li>
          <li
            className="home_footer_list"
          >
            Privacy Policy
          </li>
        </ul>
        <ul>
          <p
            className="home_footer_paragraph"
          >
            Help
          </p>
          <li
            className="home_footer_list"
          >
            About
          </li>
          <li
            className="home_footer_list"
          >
            Terms of Use
          </li>
          <li
            className="home_footer_list"
          >
            Careers
          </li>
          <li
            className="home_footer_list"
          >
            Privacy Policy
          </li>
        </ul>
        <ul>
          <p
            className="home_footer_paragraph"
          >
            Products
          </p>
          <li
            className="home_footer_list"
          >
            About
          </li>
          <li
            className="home_footer_list"
          >
            Terms of Use
          </li>
          <li
            className="home_footer_list"
          >
            Careers
          </li>
          <li
            className="home_footer_list"
          >
            Privacy Policy
          </li>
        </ul>
      </article>
      <div
        className="footer_copyright"
      >
        Â© 2022 monie track. All rights reserved.
      </div>
    </footer>
  </div>
</div>
`;
